[       6ms] [LOG] %c INFO color: #33f [lifecycle] onBeforeUnload triggered and handled with veto support @ https://ai-lab.rice-business.org/test_student/stable-13ca0e47310505f4ab1ac59e891e9a3c5e5eec04/static/out/vs/code/browser/workbench/workbench.js:37
[       8ms] [ERROR] %c  ERR color: #f33 [lifecycle] Long running operations during shutdown are unsupported in the web (id: join.disconnectRemote) @ https://ai-lab.rice-business.org/test_student/stable-13ca0e47310505f4ab1ac59e891e9a3c5e5eec04/static/out/vs/code/browser/workbench/workbench.js:37
[      10ms] [ERROR] %c  ERR color: #f33 [lifecycle] Long running operations during shutdown are unsupported in the web (id: join.chatSessionStore) @ https://ai-lab.rice-business.org/test_student/stable-13ca0e47310505f4ab1ac59e891e9a3c5e5eec04/static/out/vs/code/browser/workbench/workbench.js:37
[      10ms] [ERROR] %c  ERR color: #f33 [lifecycle] Long running operations during shutdown are unsupported in the web (id: join.chatEditingSession) @ https://ai-lab.rice-business.org/test_student/stable-13ca0e47310505f4ab1ac59e891e9a3c5e5eec04/static/out/vs/code/browser/workbench/workbench.js:37
[      28ms] [ERROR] %c  ERR color: #f33 Canceled: Canceled
    at p (https://ai-lab.rice-business.org/test_student/stable-13ca0e47310505f4ab1ac59e891e9a3c5e5eec04/static/out/vs/code/browser/workbench/workbench.js:613:256)
    at https://ai-lab.rice-business.org/test_student/stable-13ca0e47310505f4ab1ac59e891e9a3c5e5eec04/static/out/vs/code/browser/workbench/workbench.js:613:315
    at Object.dispose (https://ai-lab.rice-business.org/test_student/stable-13ca0e47310505f4ab1ac59e891e9a3c5e5eec04/static/out/vs/code/browser/workbench/workbench.js:8:626)
    at Ke (https://ai-lab.rice-business.org/test_student/stable-13ca0e47310505f4ab1ac59e891e9a3c5e5eec04/static/out/vs/code/browser/workbench/workbench.js:27:750)
    at upi.dispose (https://ai-lab.rice-business.org/test_student/stable-13ca0e47310505f4ab1ac59e891e9a3c5e5eec04/static/out/vs/code/browser/workbench/workbench.js:613:1754)
    at eJi.dispose (https://ai-lab.rice-business.org/test_student/stable-13ca0e47310505f4ab1ac59e891e9a3c5e5eec04/static/out/vs/code/browser/workbench/workbench.js:613:2098)
    at eJi.dispose (https://ai-lab.rice-business.org/test_student/stable-13ca0e47310505f4ab1ac59e891e9a3c5e5eec04/static/out/vs/code/browser/workbench/workbench.js:613:9971)
    at Ke (https://ai-lab.rice-business.org/test_student/stable-13ca0e47310505f4ab1ac59e891e9a3c5e5eec04/static/out/vs/code/browser/workbench/workbench.js:27:750)
    at XUi.clear (https://ai-lab.rice-business.org/test_student/stable-13ca0e47310505f4ab1ac59e891e9a3c5e5eec04/static/out/vs/code/browser/workbench/workbench.js:27:1551)
    at XUi.dispose (https://ai-lab.rice-business.org/test_student/stable-13ca0e47310505f4ab1ac59e891e9a3c5e5eec04/static/out/vs/code/browser/workbench/workbench.js:27:1480)
    at IFn.dispose (https://ai-lab.rice-business.org/test_student/stable-13ca0e47310505f4ab1ac59e891e9a3c5e5eec04/static/out/vs/code/browser/workbench/workbench.js:27:2268)
    at IFn.dispose (https://ai-lab.rice-business.org/test_student/stable-13ca0e47310505f4ab1ac59e891e9a3c5e5eec04/static/out/vs/code/browser/workbench/workbench.js:3665:37105)
    at Ke (https://ai-lab.rice-business.org/test_student/stable-13ca0e47310505f4ab1ac59e891e9a3c5e5eec04/static/out/vs/code/browser/workbench/workbench.js:27:750)
    at XUi.clear (https://ai-lab.rice-business.org/test_student/stable-13ca0e47310505f4ab1ac59e891e9a3c5e5eec04/static/out/vs/code/browser/workbench/workbench.js:27:1551)
    at XUi.dispose (https://ai-lab.rice-business.org/test_student/stable-13ca0e47310505f4ab1ac59e891e9a3c5e5eec04/static/out/vs/code/browser/workbench/workbench.js:27:1480)
    at HVn.dispose (https://ai-lab.rice-business.org/test_student/stable-13ca0e47310505f4ab1ac59e891e9a3c5e5eec04/static/out/vs/code/browser/workbench/workbench.js:27:2268)
    at Ke (https://ai-lab.rice-business.org/test_student/stable-13ca0e47310505f4ab1ac59e891e9a3c5e5eec04/static/out/vs/code/browser/workbench/workbench.js:27:750)
    at XUi.clear (https://ai-lab.rice-business.org/test_student/stable-13ca0e47310505f4ab1ac59e891e9a3c5e5eec04/static/out/vs/code/browser/workbench/workbench.js:27:1551)
    at XUi.dispose (https://ai-lab.rice-business.org/test_student/stable-13ca0e47310505f4ab1ac59e891e9a3c5e5eec04/static/out/vs/code/browser/workbench/workbench.js:27:1480)
    at gOt.dispose (https://ai-lab.rice-business.org/test_student/stable-13ca0e47310505f4ab1ac59e891e9a3c5e5eec04/static/out/vs/code/browser/workbench/workbench.js:27:2268)
    at Ke (https://ai-lab.rice-business.org/test_student/stable-13ca0e47310505f4ab1ac59e891e9a3c5e5eec04/static/out/vs/code/browser/workbench/workbench.js:27:750)
    at XUi.clear (https://ai-lab.rice-business.org/test_student/stable-13ca0e47310505f4ab1ac59e891e9a3c5e5eec04/static/out/vs/code/browser/workbench/workbench.js:27:1551)
    at XUi.dispose (https://ai-lab.rice-business.org/test_student/stable-13ca0e47310505f4ab1ac59e891e9a3c5e5eec04/static/out/vs/code/browser/workbench/workbench.js:27:1480)
    at F6n.dispose (https://ai-lab.rice-business.org/test_student/stable-13ca0e47310505f4ab1ac59e891e9a3c5e5eec04/static/out/vs/code/browser/workbench/workbench.js:27:2268)
    at ufe.value (https://ai-lab.rice-business.org/test_student/stable-13ca0e47310505f4ab1ac59e891e9a3c5e5eec04/static/out/vs/code/browser/workbench/workbench.js:4591:4525)
    at L.C (https://ai-lab.rice-business.org/test_student/stable-13ca0e47310505f4ab1ac59e891e9a3c5e5eec04/static/out/vs/code/browser/workbench/workbench.js:29:2349)
    at L.fire (https://ai-lab.rice-business.org/test_student/stable-13ca0e47310505f4ab1ac59e891e9a3c5e5eec04/static/out/vs/code/browser/workbench/workbench.js:29:2568)
    at ufe.value (https://ai-lab.rice-business.org/test_student/stable-13ca0e47310505f4ab1ac59e891e9a3c5e5eec04/static/out/vs/code/browser/workbench/workbench.js:4587:89559)
    at L.C (https://ai-lab.rice-business.org/test_student/stable-13ca0e47310505f4ab1ac59e891e9a3c5e5eec04/static/out/vs/code/browser/workbench/workbench.js:29:2349)
    at L.D (https://ai-lab.rice-business.org/test_student/stable-13ca0e47310505f4ab1ac59e891e9a3c5e5eec04/static/out/vs/code/browser/workbench/workbench.js:29:2419)
    at L.fire (https://ai-lab.rice-business.org/test_student/stable-13ca0e47310505f4ab1ac59e891e9a3c5e5eec04/static/out/vs/code/browser/workbench/workbench.js:29:2637)
    at o2t.L (https://ai-lab.rice-business.org/test_student/stable-13ca0e47310505f4ab1ac59e891e9a3c5e5eec04/static/out/vs/code/browser/workbench/workbench.js:4626:19975)
    at o2t.J (https://ai-lab.rice-business.org/test_student/stable-13ca0e47310505f4ab1ac59e891e9a3c5e5eec04/static/out/vs/code/browser/workbench/workbench.js:4626:19661)
    at o2t.H (https://ai-lab.rice-business.org/test_student/stable-13ca0e47310505f4ab1ac59e891e9a3c5e5eec04/static/out/vs/code/browser/workbench/workbench.js:4626:18920)
    at https://ai-lab.rice-business.org/test_student/stable-13ca0e47310505f4ab1ac59e891e9a3c5e5eec04/static/out/vs/code/browser/workbench/workbench.js:4626:18694 @ https://ai-lab.rice-business.org/test_student/stable-13ca0e47310505f4ab1ac59e891e9a3c5e5eec04/static/out/vs/code/browser/workbench/workbench.js:37
[     136ms] [ERROR] %c  ERR color: #f33 Unable to write file 'vscode-log:/20260516T142729/window.log' (Error: IndexedDB database 'vscode-web-db' is closed.): Error: Unable to write file 'vscode-log:/20260516T142729/window.log' (Error: IndexedDB database 'vscode-web-db' is closed.)
    at vOt.writeFile (https://ai-lab.rice-business.org/test_student/stable-13ca0e47310505f4ab1ac59e891e9a3c5e5eec04/static/out/vs/code/browser/workbench/workbench.js:4587:109259)
    at async sFt.flush (https://ai-lab.rice-business.org/test_student/stable-13ca0e47310505f4ab1ac59e891e9a3c5e5eec04/static/out/vs/code/browser/workbench/workbench.js:4590:85386) @ https://ai-lab.rice-business.org/test_student/stable-13ca0e47310505f4ab1ac59e891e9a3c5e5eec04/static/out/vs/code/browser/workbench/workbench.js:37
[     201ms] [VERBOSE] [DOM] Input elements should have autocomplete attributes (suggested: "current-password"): (More info: https://goo.gl/9p2vKq) %o @ https://ai-lab.rice-business.org/:0
[   15201ms] [LOG] [ttyd] websocket connection opened @ https://ai-lab.rice-business.org/test_student/:1
[   15329ms] [LOG] [ttyd] WebGL renderer loaded @ https://ai-lab.rice-business.org/test_student/:1
[   15329ms] [LOG] [ttyd] setting Unicode version: 11 @ https://ai-lab.rice-business.org/test_student/:1
[   15329ms] [LOG] [ttyd] setting fixed title: AI Lab @ https://ai-lab.rice-business.org/test_student/:1
[ 5220477ms] [LOG] [ttyd] websocket connection closed with code: 1006 @ https://ai-lab.rice-business.org/test_student/:1
[ 5220520ms] [ERROR] Failed to load resource: net::ERR_NETWORK_IO_SUSPENDED @ https://ai-lab.rice-business.org/test_student/token:0
[ 5220520ms] [ERROR] [ttyd] fetch https://ai-lab.rice-business.org/test_student/token:  TypeError: Failed to fetch
    at p.refreshToken (https://ai-lab.rice-business.org/test_student/:2:580167)
    at p.onSocketClose (https://ai-lab.rice-business.org/test_student/:2:583243) @ https://ai-lab.rice-business.org/test_student/:1
[ 5220527ms] [ERROR] WebSocket connection to 'wss://ai-lab.rice-business.org/test_student/ws' failed: Error in connection establishment: net::ERR_NETWORK_IO_SUSPENDED @ https://ai-lab.rice-business.org/test_student/:1
[ 5220527ms] [LOG] [ttyd] websocket connection closed with code: 1006 @ https://ai-lab.rice-business.org/test_student/:1
[12528007ms] [INFO] Autofocus processing was blocked because a document already has a focused element. @ https://ai-lab.rice-business.org/workspace:0
[12528489ms] [VERBOSE] [DOM] Input elements should have autocomplete attributes (suggested: "current-password"): (More info: https://goo.gl/9p2vKq) %o @ https://ai-lab.rice-business.org/test_student/files/login?logout-reason=inactivity:0
